// Jest Snapshot v1, https://goo.gl/fbAQLP

exports[`Компонент DPSTable рендерится корректно 1`] = `
<BrowserRouter>
  <DPSTable
    champion={
      Object {
        "abilityDamage": 0,
        "abilityDamageBase": 0,
        "armor": 18,
        "armorBase": 18,
        "armorFlatPenetration": 0,
        "armorPenetration": 0,
        "armorScale": 3.5,
        "attackDamage": 53,
        "attackDamageBase": 53,
        "attackDamageScale": 3,
        "attackSpeed": 0.668,
        "attackSpeedBase": 0.668,
        "attackSpeedRatio": 0.668,
        "attackSpeedScale": 0.02,
        "critChance": 0,
        "critDamage": 1.75,
        "health": 500,
        "healthBase": 500,
        "healthScale": 82,
        "lethality": 0,
        "magicFlatPenetration": 0,
        "magicPenetration": 0,
        "magicResistance": 30,
        "magicResistanceBase": 30,
        "magicResistanceScale": 0.5,
        "name": "Ahri",
      }
    }
  />
</BrowserRouter>
`;
